// Vitest Snapshot v1, https://vitest.dev/guide/snapshot.html

exports[`ChopLogicSelect > should render correctly 1`] = `
<DocumentFragment>
  <div
    class="cl-select"
  >
    <label
      class="sc-braxZu eZLZgi cl-select__label"
      for="language-select-id_combobox"
    >
      <span
        class="sc-gJhJTp cDfTBm"
      >
        Select your language
      </span>
    </label>
    <button
      aria-controls="language-select-id_dropdown"
      aria-expanded="false"
      aria-haspopup="listbox"
      aria-required="false"
      class="cl-select__combobox"
      id="language-select-id_combobox"
      name="language"
      role="combobox"
      type="button"
    >
      <span
        class="cl-select__placeholder"
      >
        Not selected
      </span>
      <span
        aria-hidden="true"
        class="cl-select__icon cl-icon__caret-down"
      />
    </button>
    <ul
      class="cl-select__dropdown"
      id="language-select-id_dropdown"
      role="listbox"
      tabindex="-1"
    >
      <li
        aria-selected="false"
        class="cl-select__option"
        id="57b5a856-bc4b-4c2f-8295-9f44434fafc7"
        role="option"
        tabindex="0"
      >
        <span>
          English
        </span>
      </li>
      <li
        aria-selected="false"
        class="cl-select__option"
        id="b4b08a09-e287-400b-ba65-afd6ae1f6fd7"
        role="option"
        tabindex="0"
      >
        <span>
          Russian
        </span>
      </li>
      <li
        aria-selected="false"
        class="cl-select__option"
        id="641fc722-af5a-4426-8f8a-1566cc492b91"
        role="option"
        tabindex="0"
      >
        <span>
          German
        </span>
      </li>
    </ul>
  </div>
</DocumentFragment>
`;
