// Vitest Snapshot v1, https://vitest.dev/guide/snapshot.html

exports[`ChopLogicGridBody > should match the snapshot 1`] = `
<DocumentFragment>
  <table>
    <colgroup>
      <col
        class="sc-ixGGxD buukfY"
      />
      <col
        class="sc-ixGGxD gzNhbF"
      />
      <col
        class="sc-ixGGxD hnFNWO column-class"
      />
      <col
        class="sc-ixGGxD hnFNWO"
      />
    </colgroup>
  </table>
</DocumentFragment>
`;
