// Vitest Snapshot v1, https://vitest.dev/guide/snapshot.html

exports[`ChopLogicGridHead > should match the snapshot 1`] = `
<DocumentFragment>
  <table>
    <thead
      class="sc-gtLWhw bgUOce"
    >
      <tr
        class="sc-dntaoT gBHJDk"
      >
        <th
          class="sc-fAUdSK ehtqCD"
        >
          <div
            class="sc-khLCKb fwGfPv"
          >
            <input
              class="sc-dstKZu hDCjgd"
              id="select_all_test-grid-id"
              type="checkbox"
            />
            <label
              class="sc-jwIPbr kcJtcC"
              for="select_all_test-grid-id"
            >
              <svg
                fill="currentColor"
                height="1em"
                viewBox="0 0 16 16"
                width="1em"
              >
                <path
                  d="M14 0H2C.9 0 0 .9 0 2v12c0 1.1.9 2 2 2h12c1.1 0 2-.9 2-2V2c0-1.1-.9-2-2-2zm0 14H2V2h12v12z"
                  fill="currentColor"
                />
              </svg>
            </label>
          </div>
        </th>
        <th
          class="sc-fAUdSK ehtqCD"
        >
          Col 1
        </th>
        <th
          class="sc-fAUdSK ehtqCD"
        >
          Col 2
        </th>
        <th
          class="sc-fAUdSK ehtqCD"
        >
          Col 3
        </th>
      </tr>
    </thead>
  </table>
</DocumentFragment>
`;
